seeded r0 muninn-quiet -> /tmp/muninn-h2h/h2h-v4-code/snap-r0-muninn-quiet
seeded r1 muninn-quiet -> /tmp/muninn-h2h/h2h-v4-code/snap-r1-muninn-quiet
seeded r2 muninn-quiet -> /tmp/muninn-h2h/h2h-v4-code/snap-r2-muninn-quiet
30 cells planned, 30 to run
r0 revoke-version-scheme muninn-quiet -> fail (24s)
r0 revoke-password-hashing muninn-quiet -> fail (30s)
r0 revoke-internal-http muninn-quiet -> pass (41s)
r0 revoke-tls-verification muninn-quiet -> pass (11s)
r0 revoke-license muninn-quiet -> fail (67s)
r0 revoke-compression muninn-quiet -> fail (28s)
r0 revoke-tls-backend muninn-quiet -> fail (28s)
r0 revoke-wire-format muninn-quiet -> fail (63s)
r0 revoke-cache-eviction muninn-quiet -> fail (85s)
r0 revoke-async-runtime muninn-quiet -> fail (44s)
r1 revoke-wire-format muninn-quiet -> fail (27s)
r1 revoke-async-runtime muninn-quiet -> fail (48s)
r1 revoke-license muninn-quiet -> pass (21s)
r1 revoke-password-hashing muninn-quiet -> pass (24s)
r1 revoke-tls-backend muninn-quiet -> fail (74s)
r1 revoke-cache-eviction muninn-quiet -> fail (60s)
r1 revoke-internal-http muninn-quiet -> pass (16s)
r1 revoke-tls-verification muninn-quiet -> pass (9s)
r1 revoke-compression muninn-quiet -> fail (17s)
r1 revoke-version-scheme muninn-quiet -> fail (28s)
r2 revoke-compression muninn-quiet -> fail (29s)
r2 revoke-wire-format muninn-quiet -> fail (67s)
r2 revoke-tls-backend muninn-quiet -> fail (66s)
r2 revoke-password-hashing muninn-quiet -> fail (75s)
r2 revoke-license muninn-quiet -> fail (121s)
r2 revoke-version-scheme muninn-quiet -> fail (43s)
r2 revoke-internal-http muninn-quiet -> pass (84s)
r2 revoke-tls-verification muninn-quiet -> pass (38s)
r2 revoke-async-runtime muninn-quiet -> fail (37s)
r2 revoke-cache-eviction muninn-quiet -> fail (72s)
all cells finished
