port 38100 is already in use, skipping it
port 38101 is already in use, skipping it
port 38106 is already in use, skipping it
seeded r0 muninn-whysaid -> /tmp/muninn-h2h/h2h-v41-v3/snap-r0-muninn-whysaid
seeded r0 muninn-listed -> /tmp/muninn-h2h/h2h-v41-v3/snap-r0-muninn-listed
seeded r1 muninn-whysaid -> /tmp/muninn-h2h/h2h-v41-v3/snap-r1-muninn-whysaid
port 38108 is already in use, skipping it
port 38110 is already in use, skipping it
seeded r1 muninn-listed -> /tmp/muninn-h2h/h2h-v41-v3/snap-r1-muninn-listed
seeded r2 muninn-whysaid -> /tmp/muninn-h2h/h2h-v41-v3/snap-r2-muninn-whysaid
seeded r2 muninn-listed -> /tmp/muninn-h2h/h2h-v41-v3/snap-r2-muninn-listed
seeded r3 muninn-whysaid -> /tmp/muninn-h2h/h2h-v41-v3/snap-r3-muninn-whysaid
seeded r3 muninn-listed -> /tmp/muninn-h2h/h2h-v41-v3/snap-r3-muninn-listed
seeded r4 muninn-whysaid -> /tmp/muninn-h2h/h2h-v41-v3/snap-r4-muninn-whysaid
seeded r4 muninn-listed -> /tmp/muninn-h2h/h2h-v41-v3/snap-r4-muninn-listed
seeded r5 muninn-whysaid -> /tmp/muninn-h2h/h2h-v41-v3/snap-r5-muninn-whysaid
seeded r5 muninn-listed -> /tmp/muninn-h2h/h2h-v41-v3/snap-r5-muninn-listed
120 cells planned, 120 to run
r0 revoke-password-hashing muninn-listed -> pass (10s)
r0 revoke-compression muninn-listed -> fail (12s)
r0 revoke-wire-format muninn-listed -> pass (14s)
r0 revoke-tls-backend muninn-whysaid -> pass (12s)
r0 revoke-tls-backend muninn-listed -> pass (10s)
r0 revoke-password-hashing muninn-whysaid -> fail (14s)
r0 revoke-internal-http muninn-listed -> pass (9s)
r0 revoke-tls-verification muninn-listed -> pass (11s)
r0 revoke-license muninn-whysaid -> fail (13s)
r0 revoke-license muninn-listed -> pass (14s)
r0 revoke-compression muninn-whysaid -> fail (14s)
r0 revoke-version-scheme muninn-whysaid -> fail (12s)
r0 revoke-cache-eviction muninn-listed -> pass (7s)
r0 revoke-tls-verification muninn-whysaid -> pass (12s)
r0 revoke-async-runtime muninn-listed -> pass (10s)
r0 revoke-internal-http muninn-whysaid -> pass (10s)
r0 revoke-version-scheme muninn-listed -> fail (12s)
r0 revoke-cache-eviction muninn-whysaid -> pass (9s)
r0 revoke-wire-format muninn-whysaid -> fail (18s)
r0 revoke-async-runtime muninn-whysaid -> fail (14s)
r1 revoke-version-scheme muninn-whysaid -> fail (12s)
r1 revoke-tls-verification muninn-listed -> pass (11s)
r1 revoke-license muninn-whysaid -> pass (22s)
r1 revoke-wire-format muninn-listed -> pass (10s)
r1 revoke-cache-eviction muninn-listed -> pass (9s)
r1 revoke-wire-format muninn-whysaid -> fail (13s)
r1 revoke-compression muninn-whysaid -> fail (15s)
r1 revoke-tls-backend muninn-listed -> pass (12s)
r1 revoke-password-hashing muninn-whysaid -> fail (15s)
r1 revoke-tls-verification muninn-whysaid -> pass (10s)
r1 revoke-cache-eviction muninn-whysaid -> pass (11s)
r1 revoke-license muninn-listed -> pass (6s)
r1 revoke-tls-backend muninn-whysaid -> pass (11s)
r1 revoke-async-runtime muninn-whysaid -> pass (14s)
r1 revoke-async-runtime muninn-listed -> pass (9s)
r1 revoke-password-hashing muninn-listed -> pass (6s)
r1 revoke-internal-http muninn-listed -> pass (9s)
r1 revoke-internal-http muninn-whysaid -> pass (10s)
r1 revoke-version-scheme muninn-listed -> pass (11s)
r2 revoke-cache-eviction muninn-listed -> pass (10s)
r2 revoke-wire-format muninn-listed -> fail (11s)
r1 revoke-compression muninn-listed -> fail (16s)
r2 revoke-compression muninn-whysaid -> fail (10s)
r2 revoke-password-hashing muninn-whysaid -> pass (10s)
r2 revoke-wire-format muninn-whysaid -> fail (13s)
r2 revoke-tls-backend muninn-listed -> pass (11s)
r2 revoke-password-hashing muninn-listed -> pass (10s)
r2 revoke-license muninn-whysaid -> fail (21s)
r2 revoke-version-scheme muninn-listed -> pass (12s)
r2 revoke-compression muninn-listed -> pass (17s)
r2 revoke-license muninn-listed -> fail (14s)
r2 revoke-internal-http muninn-listed -> pass (7s)
r2 revoke-tls-verification muninn-whysaid -> pass (11s)
r2 revoke-version-scheme muninn-whysaid -> pass (15s)
r2 revoke-internal-http muninn-whysaid -> pass (10s)
r2 revoke-tls-verification muninn-listed -> pass (10s)
r2 revoke-tls-backend muninn-whysaid -> pass (11s)
r2 revoke-cache-eviction muninn-whysaid -> pass (9s)
r2 revoke-async-runtime muninn-listed -> pass (11s)
r2 revoke-async-runtime muninn-whysaid -> pass (11s)
r3 revoke-tls-verification muninn-listed -> pass (11s)
r3 revoke-version-scheme muninn-whysaid -> fail (13s)
r3 revoke-license muninn-whysaid -> pass (19s)
r3 revoke-cache-eviction muninn-whysaid -> pass (9s)
r3 revoke-async-runtime muninn-whysaid -> fail (12s)
r3 revoke-internal-http muninn-whysaid -> pass (9s)
r3 revoke-tls-verification muninn-whysaid -> pass (11s)
r3 revoke-wire-format muninn-whysaid -> fail (10s)
r3 revoke-compression muninn-whysaid -> fail (9s)
r3 revoke-license muninn-listed -> fail (19s)
r3 revoke-async-runtime muninn-listed -> pass (11s)
r3 revoke-version-scheme muninn-listed -> pass (12s)
r3 revoke-compression muninn-listed -> fail (10s)
r3 revoke-cache-eviction muninn-listed -> pass (9s)
r3 revoke-password-hashing muninn-whysaid -> pass (8s)
r3 revoke-wire-format muninn-listed -> pass (15s)
r3 revoke-tls-backend muninn-whysaid -> pass (9s)
r3 revoke-internal-http muninn-listed -> pass (9s)
r3 revoke-password-hashing muninn-listed -> pass (11s)
r3 revoke-tls-backend muninn-listed -> pass (11s)
r4 revoke-tls-backend muninn-listed -> pass (11s)
r4 revoke-internal-http muninn-listed -> pass (6s)
r4 revoke-password-hashing muninn-whysaid -> fail (14s)
r4 revoke-cache-eviction muninn-listed -> pass (8s)
r4 revoke-cache-eviction muninn-whysaid -> pass (9s)
r4 revoke-tls-verification muninn-listed -> pass (13s)
r4 revoke-wire-format muninn-whysaid -> fail (19s)
r4 revoke-compression muninn-whysaid -> fail (11s)
r4 revoke-wire-format muninn-listed -> fail (13s)
r4 revoke-compression muninn-listed -> pass (10s)
r4 revoke-password-hashing muninn-listed -> pass (10s)
r4 revoke-async-runtime muninn-listed -> pass (12s)
r4 revoke-license muninn-whysaid -> fail (16s)
r4 revoke-tls-backend muninn-whysaid -> pass (19s)
r4 revoke-version-scheme muninn-listed -> pass (17s)
r4 revoke-version-scheme muninn-whysaid -> fail (20s)
r4 revoke-license muninn-listed -> pass (14s)
r4 revoke-internal-http muninn-whysaid -> pass (9s)
r4 revoke-tls-verification muninn-whysaid -> pass (11s)
r4 revoke-async-runtime muninn-whysaid -> fail (17s)
r5 revoke-version-scheme muninn-listed -> pass (9s)
r5 revoke-internal-http muninn-listed -> pass (10s)
r5 revoke-tls-backend muninn-whysaid -> pass (11s)
r5 revoke-license muninn-whysaid -> fail (21s)
r5 revoke-cache-eviction muninn-whysaid -> pass (10s)
r5 revoke-tls-verification muninn-listed -> pass (7s)
r5 revoke-internal-http muninn-whysaid -> pass (11s)
r5 revoke-tls-backend muninn-listed -> pass (11s)
r5 revoke-cache-eviction muninn-listed -> pass (9s)
r5 revoke-version-scheme muninn-whysaid -> pass (16s)
r5 revoke-compression muninn-whysaid -> fail (22s)
r5 revoke-password-hashing muninn-whysaid -> pass (19s)
r5 revoke-compression muninn-listed -> pass (11s)
r5 revoke-wire-format muninn-whysaid -> fail (10s)
r5 revoke-tls-verification muninn-whysaid -> pass (10s)
r5 revoke-async-runtime muninn-listed -> pass (10s)
r5 revoke-async-runtime muninn-whysaid -> fail (16s)
r5 revoke-password-hashing muninn-listed -> pass (16s)
r5 revoke-license muninn-listed -> pass (6s)
r5 revoke-wire-format muninn-listed -> fail (12s)
all cells finished
