seeded r0 muninn-kinds -> /tmp/muninn-h2h/h2h-v4-code/snap-r0-muninn-kinds
seeded r1 muninn-kinds -> /tmp/muninn-h2h/h2h-v4-code/snap-r1-muninn-kinds
seeded r2 muninn-kinds -> /tmp/muninn-h2h/h2h-v4-code/snap-r2-muninn-kinds
30 cells planned, 30 to run
r0 revoke-version-scheme muninn-kinds -> fail (43s)
r0 revoke-password-hashing muninn-kinds -> fail (24s)
r0 revoke-internal-http muninn-kinds -> pass (44s)
r0 revoke-license muninn-kinds -> fail (48s)
r0 revoke-tls-verification muninn-kinds -> pass (16s)
r0 revoke-compression muninn-kinds -> fail (57s)
r0 revoke-tls-backend muninn-kinds -> fail (43s)
r0 revoke-wire-format muninn-kinds -> fail (25s)
r0 revoke-cache-eviction muninn-kinds -> fail (58s)
r0 revoke-async-runtime muninn-kinds -> fail (52s)
r1 revoke-async-runtime muninn-kinds -> pass (39s)
r1 revoke-wire-format muninn-kinds -> fail (34s)
r1 revoke-license muninn-kinds -> fail (75s)
r1 revoke-tls-backend muninn-kinds -> pass (123s)
r1 revoke-password-hashing muninn-kinds -> fail (21s)
r1 revoke-cache-eviction muninn-kinds -> fail (50s)
r1 revoke-internal-http muninn-kinds -> pass (36s)
r1 revoke-tls-verification muninn-kinds -> pass (14s)
r1 revoke-version-scheme muninn-kinds -> fail (32s)
r1 revoke-compression muninn-kinds -> fail (58s)
r2 revoke-compression muninn-kinds -> pass (42s)
r2 revoke-wire-format muninn-kinds -> fail (69s)
r2 revoke-tls-backend muninn-kinds -> pass (41s)
r2 revoke-license muninn-kinds -> fail (77s)
r2 revoke-password-hashing muninn-kinds -> fail (39s)
r2 revoke-internal-http muninn-kinds -> pass (34s)
r2 revoke-version-scheme muninn-kinds -> fail (38s)
r2 revoke-tls-verification muninn-kinds -> pass (22s)
r2 revoke-async-runtime muninn-kinds -> fail (48s)
r2 revoke-cache-eviction muninn-kinds -> fail (85s)
all cells finished
