seeded r0 muninn-catalog -> /tmp/muninn-h2h/h2h-v6-code/snap-r0-muninn-catalog
seeded r1 muninn-catalog -> /tmp/muninn-h2h/h2h-v6-code/snap-r1-muninn-catalog
seeded r2 muninn-catalog -> /tmp/muninn-h2h/h2h-v6-code/snap-r2-muninn-catalog
30 cells planned, 30 to run
r0 revoke-internal-http muninn-catalog -> pass (10s)
r0 revoke-license muninn-catalog -> pass (8s)
r0 revoke-password-hashing muninn-catalog -> pass (36s)
r0 revoke-compression muninn-catalog -> pass (23s)
r0 revoke-version-scheme muninn-catalog -> pass (66s)
r0 revoke-tls-backend muninn-catalog -> pass (8s)
r0 revoke-wire-format muninn-catalog -> pass (35s)
r0 revoke-tls-verification muninn-catalog -> pass (88s)
r0 revoke-cache-eviction muninn-catalog -> pass (54s)
r0 revoke-async-runtime muninn-catalog -> fail (33s)
r1 revoke-async-runtime muninn-catalog -> pass (38s)
r1 revoke-license muninn-catalog -> pass (21s)
r1 revoke-tls-backend muninn-catalog -> pass (40s)
r1 revoke-password-hashing muninn-catalog -> pass (37s)
r1 revoke-internal-http muninn-catalog -> pass (6s)
r1 revoke-wire-format muninn-catalog -> pass (88s)
r1 revoke-cache-eviction muninn-catalog -> pass (28s)
r1 revoke-compression muninn-catalog -> pass (31s)
r1 revoke-tls-verification muninn-catalog -> pass (46s)
r2 revoke-wire-format muninn-catalog -> fail (25s)
r2 revoke-tls-backend muninn-catalog -> pass (15s)
r1 revoke-version-scheme muninn-catalog -> pass (75s)
r2 revoke-compression muninn-catalog -> fail (51s)
r2 revoke-license muninn-catalog -> pass (20s)
r2 revoke-password-hashing muninn-catalog -> pass (29s)
r2 revoke-internal-http muninn-catalog -> pass (19s)
r2 revoke-async-runtime muninn-catalog -> pass (34s)
r2 revoke-version-scheme muninn-catalog -> fail (61s)
r2 revoke-cache-eviction muninn-catalog -> pass (29s)
r2 revoke-tls-verification muninn-catalog -> pass (88s)
all cells finished
