seeded r0 muninn-stands -> /tmp/muninn-h2h/h2h-v13-final/snap-r0-muninn-stands
seeded r0 muninn-noprompt -> /tmp/muninn-h2h/h2h-v13-final/snap-r0-muninn-noprompt
seeded r1 muninn-stands -> /tmp/muninn-h2h/h2h-v13-final/snap-r1-muninn-stands
seeded r1 muninn-noprompt -> /tmp/muninn-h2h/h2h-v13-final/snap-r1-muninn-noprompt
seeded r2 muninn-stands -> /tmp/muninn-h2h/h2h-v13-final/snap-r2-muninn-stands
seeded r2 muninn-noprompt -> /tmp/muninn-h2h/h2h-v13-final/snap-r2-muninn-noprompt
seeded r3 muninn-stands -> /tmp/muninn-h2h/h2h-v13-final/snap-r3-muninn-stands
seeded r3 muninn-noprompt -> /tmp/muninn-h2h/h2h-v13-final/snap-r3-muninn-noprompt
seeded r4 muninn-stands -> /tmp/muninn-h2h/h2h-v13-final/snap-r4-muninn-stands
seeded r4 muninn-noprompt -> /tmp/muninn-h2h/h2h-v13-final/snap-r4-muninn-noprompt
seeded r5 muninn-stands -> /tmp/muninn-h2h/h2h-v13-final/snap-r5-muninn-stands
seeded r5 muninn-noprompt -> /tmp/muninn-h2h/h2h-v13-final/snap-r5-muninn-noprompt
120 cells planned, 120 to run
r0 revoke-password-hashing muninn-noprompt -> pass (40s)
r0 revoke-compression muninn-noprompt -> pass (49s)
r0 revoke-password-hashing muninn-stands -> pass (19s)
r0 revoke-tls-backend muninn-noprompt -> pass (11s)
r0 revoke-tls-backend muninn-stands -> pass (27s)
r0 revoke-license muninn-stands -> pass (13s)
r0 revoke-internal-http muninn-noprompt -> pass (24s)
r0 revoke-tls-verification muninn-noprompt -> pass (62s)
r0 revoke-compression muninn-stands -> pass (12s)
r0 revoke-license muninn-noprompt -> pass (76s)
r0 revoke-version-scheme muninn-stands -> pass (16s)
r0 revoke-wire-format muninn-noprompt -> fail (180s)
r0 revoke-async-runtime muninn-noprompt -> pass (32s)
r0 revoke-internal-http muninn-stands -> pass (15s)
r0 revoke-cache-eviction muninn-noprompt -> pass (54s)
r0 revoke-wire-format muninn-stands -> pass (32s)
r0 revoke-cache-eviction muninn-stands -> pass (9s)
r0 revoke-async-runtime muninn-stands -> pass (21s)
r1 revoke-license muninn-stands -> pass (10s)
r0 revoke-tls-verification muninn-stands -> pass (149s)
r1 revoke-version-scheme muninn-stands -> pass (39s)
r0 revoke-version-scheme muninn-noprompt -> pass (118s)
r1 revoke-wire-format muninn-noprompt -> pass (26s)
r1 revoke-wire-format muninn-stands -> pass (35s)
r1 revoke-cache-eviction muninn-noprompt -> pass (61s)
r1 revoke-tls-verification muninn-noprompt -> pass (88s)
r1 revoke-compression muninn-stands -> pass (29s)
r1 revoke-password-hashing muninn-stands -> pass (45s)
r1 revoke-cache-eviction muninn-stands -> pass (13s)
r1 revoke-tls-backend muninn-noprompt -> pass (65s)
r1 revoke-async-runtime muninn-stands -> fail (48s)
r1 revoke-tls-backend muninn-stands -> fail (54s)
r1 revoke-async-runtime muninn-noprompt -> pass (25s)
r1 revoke-password-hashing muninn-noprompt -> pass (11s)
r1 revoke-tls-verification muninn-stands -> pass (123s)
r1 revoke-internal-http muninn-stands -> pass (11s)
r1 revoke-license muninn-noprompt -> fail (52s)
r1 revoke-internal-http muninn-noprompt -> pass (15s)
r2 revoke-wire-format muninn-noprompt -> pass (16s)
r1 revoke-compression muninn-noprompt -> pass (23s)
r2 revoke-cache-eviction muninn-noprompt -> pass (8s)
r1 revoke-version-scheme muninn-noprompt -> fail (29s)
r2 revoke-password-hashing muninn-stands -> pass (31s)
r2 revoke-compression muninn-stands -> pass (34s)
r2 revoke-license muninn-stands -> pass (7s)
r2 revoke-wire-format muninn-stands -> pass (41s)
r2 revoke-compression muninn-noprompt -> pass (22s)
r2 revoke-tls-backend muninn-noprompt -> pass (32s)
r2 revoke-license muninn-noprompt -> pass (17s)
r2 revoke-password-hashing muninn-noprompt -> pass (56s)
r2 revoke-version-scheme muninn-noprompt -> pass (43s)
r2 revoke-internal-http muninn-noprompt -> pass (9s)
r2 revoke-version-scheme muninn-stands -> pass (38s)
r2 revoke-internal-http muninn-stands -> pass (12s)
r2 revoke-tls-backend muninn-stands -> pass (27s)
r2 revoke-tls-verification muninn-noprompt -> pass (34s)
r2 revoke-tls-verification muninn-stands -> pass (69s)
r2 revoke-async-runtime muninn-stands -> pass (13s)
r2 revoke-async-runtime muninn-noprompt -> pass (19s)
r2 revoke-cache-eviction muninn-stands -> pass (11s)
r3 revoke-license muninn-stands -> pass (18s)
r3 revoke-tls-verification muninn-noprompt -> pass (31s)
r3 revoke-cache-eviction muninn-stands -> pass (20s)
r3 revoke-internal-http muninn-stands -> pass (8s)
r3 revoke-async-runtime muninn-stands -> fail (25s)
r3 revoke-license muninn-noprompt -> pass (9s)
r3 revoke-version-scheme muninn-stands -> pass (69s)
r3 revoke-wire-format muninn-stands -> pass (14s)
r3 revoke-compression muninn-stands -> pass (24s)
r3 revoke-async-runtime muninn-noprompt -> fail (37s)
r3 revoke-compression muninn-noprompt -> pass (42s)
r3 revoke-tls-verification muninn-stands -> pass (116s)
r3 revoke-cache-eviction muninn-noprompt -> pass (13s)
r3 revoke-version-scheme muninn-noprompt -> pass (119s)
r3 revoke-password-hashing muninn-stands -> pass (50s)
r3 revoke-tls-backend muninn-stands -> pass (25s)
r3 revoke-wire-format muninn-noprompt -> fail (91s)
r3 revoke-internal-http muninn-noprompt -> pass (18s)
r3 revoke-password-hashing muninn-noprompt -> pass (30s)
r4 revoke-password-hashing muninn-stands -> pass (22s)
r3 revoke-tls-backend muninn-noprompt -> fail (59s)
r4 revoke-cache-eviction muninn-noprompt -> pass (27s)
r4 revoke-internal-http muninn-noprompt -> pass (15s)
r4 revoke-cache-eviction muninn-stands -> pass (29s)
r4 revoke-wire-format muninn-stands -> pass (16s)
r4 revoke-tls-verification muninn-noprompt -> pass (76s)
r4 revoke-compression muninn-stands -> pass (55s)
r4 revoke-tls-backend muninn-noprompt -> pass (178s)
r4 revoke-password-hashing muninn-noprompt -> pass (16s)
r4 revoke-compression muninn-noprompt -> pass (25s)
r4 revoke-license muninn-stands -> pass (18s)
r4 revoke-wire-format muninn-noprompt -> pass (68s)
r4 revoke-tls-backend muninn-stands -> pass (20s)
r4 revoke-async-runtime muninn-noprompt -> pass (32s)
r4 revoke-license muninn-noprompt -> pass (12s)
r4 revoke-version-scheme muninn-stands -> pass (40s)
r4 revoke-version-scheme muninn-noprompt -> fail (65s)
r4 revoke-internal-http muninn-stands -> pass (10s)
r4 revoke-async-runtime muninn-stands -> pass (42s)
r5 revoke-license muninn-stands -> pass (16s)
r4 revoke-tls-verification muninn-stands -> pass (68s)
r5 revoke-internal-http muninn-noprompt -> pass (19s)
r5 revoke-version-scheme muninn-noprompt -> fail (48s)
r5 revoke-cache-eviction muninn-stands -> pass (20s)
r5 revoke-internal-http muninn-stands -> pass (9s)
r5 revoke-tls-backend muninn-stands -> pass (34s)
r5 revoke-tls-backend muninn-noprompt -> pass (7s)
r5 revoke-cache-eviction muninn-noprompt -> pass (8s)
r5 revoke-compression muninn-stands -> pass (38s)
r5 revoke-tls-verification muninn-noprompt -> pass (68s)
r5 revoke-version-scheme muninn-stands -> pass (50s)
r5 revoke-wire-format muninn-stands -> pass (28s)
r5 revoke-compression muninn-noprompt -> pass (35s)
r5 revoke-password-hashing muninn-stands -> pass (72s)
r5 revoke-async-runtime muninn-stands -> pass (35s)
r5 revoke-async-runtime muninn-noprompt -> pass (14s)
r5 revoke-password-hashing muninn-noprompt -> fail (45s)
r5 revoke-tls-verification muninn-stands -> pass (86s)
r5 revoke-license muninn-noprompt -> pass (44s)
r5 revoke-wire-format muninn-noprompt -> pass (60s)
all cells finished
