seeded r0 muninn-why -> /tmp/muninn-h2h/h2h-v4-code/snap-r0-muninn-why
seeded r1 muninn-why -> /tmp/muninn-h2h/h2h-v4-code/snap-r1-muninn-why
seeded r2 muninn-why -> /tmp/muninn-h2h/h2h-v4-code/snap-r2-muninn-why
30 cells planned, 30 to run
r0 revoke-version-scheme muninn-why -> pass (35s)
r0 revoke-password-hashing muninn-why -> fail (54s)
r0 revoke-internal-http muninn-why -> pass (24s)
r0 revoke-license muninn-why -> fail (36s)
r0 revoke-tls-verification muninn-why -> pass (26s)
r0 revoke-compression muninn-why -> fail (65s)
r0 revoke-tls-backend muninn-why -> fail (50s)
r0 revoke-wire-format muninn-why -> fail (82s)
r0 revoke-cache-eviction muninn-why -> fail (79s)
r0 revoke-async-runtime muninn-why -> fail (46s)
r1 revoke-async-runtime muninn-why -> fail (47s)
r1 revoke-wire-format muninn-why -> fail (67s)
r1 revoke-license muninn-why -> pass (40s)
r1 revoke-tls-backend muninn-why -> pass (74s)
r1 revoke-password-hashing muninn-why -> fail (35s)
r1 revoke-cache-eviction muninn-why -> fail (33s)
r1 revoke-internal-http muninn-why -> pass (29s)
r1 revoke-tls-verification muninn-why -> pass (9s)
r1 revoke-version-scheme muninn-why -> fail (64s)
r1 revoke-compression muninn-why -> fail (38s)
r2 revoke-compression muninn-why -> pass (31s)
r2 revoke-wire-format muninn-why -> pass (65s)
r2 revoke-tls-backend muninn-why -> fail (103s)
r2 revoke-license muninn-why -> fail (48s)
r2 revoke-password-hashing muninn-why -> fail (35s)
r2 revoke-internal-http muninn-why -> pass (26s)
r2 revoke-version-scheme muninn-why -> fail (56s)
r2 revoke-tls-verification muninn-why -> pass (57s)
r2 revoke-async-runtime muninn-why -> fail (54s)
r2 revoke-cache-eviction muninn-why -> pass (57s)
all cells finished
