seeded r0 muninn-ship -> /tmp/muninn-h2h/h2h-v13-final/snap-r0-muninn-ship
seeded r1 muninn-ship -> /tmp/muninn-h2h/h2h-v13-final/snap-r1-muninn-ship
seeded r2 muninn-ship -> /tmp/muninn-h2h/h2h-v13-final/snap-r2-muninn-ship
seeded r3 muninn-ship -> /tmp/muninn-h2h/h2h-v13-final/snap-r3-muninn-ship
seeded r4 muninn-ship -> /tmp/muninn-h2h/h2h-v13-final/snap-r4-muninn-ship
seeded r5 muninn-ship -> /tmp/muninn-h2h/h2h-v13-final/snap-r5-muninn-ship
60 cells planned, 60 to run
r0 revoke-internal-http muninn-ship -> pass (11s)
r0 revoke-version-scheme muninn-ship -> pass (25s)
r0 revoke-license muninn-ship -> fail (18s)
r0 revoke-password-hashing muninn-ship -> fail (58s)
r0 revoke-compression muninn-ship -> pass (38s)
r0 revoke-tls-backend muninn-ship -> pass (41s)
r0 revoke-tls-verification muninn-ship -> pass (78s)
r0 revoke-cache-eviction muninn-ship -> fail (24s)
r0 revoke-wire-format muninn-ship -> pass (74s)
r0 revoke-async-runtime muninn-ship -> pass (48s)
r1 revoke-async-runtime muninn-ship -> pass (44s)
r1 revoke-wire-format muninn-ship -> pass (28s)
r1 revoke-license muninn-ship -> pass (37s)
r1 revoke-tls-backend muninn-ship -> pass (60s)
r1 revoke-cache-eviction muninn-ship -> pass (41s)
r1 revoke-internal-http muninn-ship -> pass (12s)
r1 revoke-tls-verification muninn-ship -> pass (16s)
r1 revoke-password-hashing muninn-ship -> pass (79s)
r1 revoke-version-scheme muninn-ship -> pass (40s)
r1 revoke-compression muninn-ship -> pass (39s)
r2 revoke-compression muninn-ship -> fail (58s)
r2 revoke-license muninn-ship -> pass (16s)
r2 revoke-wire-format muninn-ship -> pass (42s)
r2 revoke-tls-backend muninn-ship -> pass (40s)
r2 revoke-internal-http muninn-ship -> pass (8s)
r2 revoke-version-scheme muninn-ship -> pass (34s)
r2 revoke-password-hashing muninn-ship -> pass (61s)
r2 revoke-cache-eviction muninn-ship -> pass (10s)
r2 revoke-tls-verification muninn-ship -> pass (80s)
r2 revoke-async-runtime muninn-ship -> pass (52s)
r3 revoke-license muninn-ship -> pass (37s)
r3 revoke-compression muninn-ship -> pass (29s)
r3 revoke-version-scheme muninn-ship -> pass (19s)
r3 revoke-tls-verification muninn-ship -> pass (42s)
r3 revoke-cache-eviction muninn-ship -> fail (24s)
r3 revoke-async-runtime muninn-ship -> pass (39s)
r3 revoke-internal-http muninn-ship -> pass (18s)
r3 revoke-password-hashing muninn-ship -> pass (28s)
r3 revoke-wire-format muninn-ship -> pass (70s)
r4 revoke-password-hashing muninn-ship -> pass (47s)
r3 revoke-tls-backend muninn-ship -> pass (68s)
r4 revoke-cache-eviction muninn-ship -> pass (33s)
r4 revoke-compression muninn-ship -> pass (68s)
r4 revoke-license muninn-ship -> pass (25s)
r4 revoke-version-scheme muninn-ship -> pass (33s)
r4 revoke-tls-backend muninn-ship -> pass (36s)
r4 revoke-wire-format muninn-ship -> pass (97s)
r4 revoke-internal-http muninn-ship -> pass (14s)
r4 revoke-async-runtime muninn-ship -> pass (56s)
r5 revoke-internal-http muninn-ship -> pass (16s)
r5 revoke-tls-backend muninn-ship -> pass (33s)
r5 revoke-version-scheme muninn-ship -> fail (47s)
r5 revoke-compression muninn-ship -> pass (23s)
r4 revoke-tls-verification muninn-ship -> pass (104s)
r5 revoke-password-hashing muninn-ship -> pass (38s)
r5 revoke-cache-eviction muninn-ship -> pass (40s)
r5 revoke-async-runtime muninn-ship -> pass (48s)
r5 revoke-tls-verification muninn-ship -> pass (93s)
r5 revoke-license muninn-ship -> pass (53s)
r5 revoke-wire-format muninn-ship -> pass (30s)
all cells finished
