seeded r0 muninn-floor2 -> /tmp/muninn-h2h/h2h-v4-code/snap-r0-muninn-floor2
seeded r1 muninn-floor2 -> /tmp/muninn-h2h/h2h-v4-code/snap-r1-muninn-floor2
seeded r2 muninn-floor2 -> /tmp/muninn-h2h/h2h-v4-code/snap-r2-muninn-floor2
30 cells planned, 30 to run
r0 revoke-internal-http muninn-floor2 -> pass (8s)
r0 revoke-version-scheme muninn-floor2 -> fail (26s)
r0 revoke-tls-verification muninn-floor2 -> pass (8s)
r0 revoke-password-hashing muninn-floor2 -> fail (55s)
r0 revoke-compression muninn-floor2 -> pass (35s)
r0 revoke-tls-backend muninn-floor2 -> fail (37s)
r0 revoke-license muninn-floor2 -> fail (117s)
r0 revoke-wire-format muninn-floor2 -> fail (68s)
r0 revoke-async-runtime muninn-floor2 -> fail (28s)
r0 revoke-cache-eviction muninn-floor2 -> pass (86s)
r1 revoke-async-runtime muninn-floor2 -> fail (56s)
r1 revoke-wire-format muninn-floor2 -> fail (45s)
r1 revoke-license muninn-floor2 -> fail (29s)
r1 revoke-password-hashing muninn-floor2 -> fail (44s)
r1 revoke-internal-http muninn-floor2 -> pass (14s)
r1 revoke-tls-backend muninn-floor2 -> fail (67s)
r1 revoke-tls-verification muninn-floor2 -> pass (8s)
r1 revoke-cache-eviction muninn-floor2 -> fail (62s)
r1 revoke-compression muninn-floor2 -> fail (28s)
r2 revoke-compression muninn-floor2 -> fail (32s)
r1 revoke-version-scheme muninn-floor2 -> fail (44s)
r2 revoke-wire-format muninn-floor2 -> fail (40s)
r2 revoke-license muninn-floor2 -> fail (62s)
r2 revoke-password-hashing muninn-floor2 -> pass (41s)
r2 revoke-tls-backend muninn-floor2 -> fail (81s)
r2 revoke-tls-verification muninn-floor2 -> pass (9s)
r2 revoke-version-scheme muninn-floor2 -> fail (33s)
r2 revoke-async-runtime muninn-floor2 -> fail (23s)
r2 revoke-internal-http muninn-floor2 -> pass (57s)
r2 revoke-cache-eviction muninn-floor2 -> fail (71s)
all cells finished
