seeded r0 muninn-latest2 -> /tmp/muninn-h2h/h2h-v38-v3/snap-r0-muninn-latest2
seeded r1 muninn-latest2 -> /tmp/muninn-h2h/h2h-v38-v3/snap-r1-muninn-latest2
seeded r2 muninn-latest2 -> /tmp/muninn-h2h/h2h-v38-v3/snap-r2-muninn-latest2
seeded r3 muninn-latest2 -> /tmp/muninn-h2h/h2h-v38-v3/snap-r3-muninn-latest2
seeded r4 muninn-latest2 -> /tmp/muninn-h2h/h2h-v38-v3/snap-r4-muninn-latest2
seeded r5 muninn-latest2 -> /tmp/muninn-h2h/h2h-v38-v3/snap-r5-muninn-latest2
seeded r6 muninn-latest2 -> /tmp/muninn-h2h/h2h-v38-v3/snap-r6-muninn-latest2
seeded r7 muninn-latest2 -> /tmp/muninn-h2h/h2h-v38-v3/snap-r7-muninn-latest2
seeded r8 muninn-latest2 -> /tmp/muninn-h2h/h2h-v38-v3/snap-r8-muninn-latest2
seeded r9 muninn-latest2 -> /tmp/muninn-h2h/h2h-v38-v3/snap-r9-muninn-latest2
seeded r10 muninn-latest2 -> /tmp/muninn-h2h/h2h-v38-v3/snap-r10-muninn-latest2
seeded r11 muninn-latest2 -> /tmp/muninn-h2h/h2h-v38-v3/snap-r11-muninn-latest2
shared r0 muninn-latest2 -> muninn-whysaid
shared r1 muninn-latest2 -> muninn-whysaid
shared r2 muninn-latest2 -> muninn-whysaid
shared r3 muninn-latest2 -> muninn-whysaid
shared r4 muninn-latest2 -> muninn-whysaid
shared r5 muninn-latest2 -> muninn-whysaid
shared r6 muninn-latest2 -> muninn-whysaid
shared r7 muninn-latest2 -> muninn-whysaid
shared r8 muninn-latest2 -> muninn-whysaid
shared r9 muninn-latest2 -> muninn-whysaid
shared r10 muninn-latest2 -> muninn-whysaid
shared r11 muninn-latest2 -> muninn-whysaid
240 cells planned, 240 to run
r0 revoke-password-hashing muninn-whysaid -> fail (11s)
r0 revoke-compression muninn-whysaid -> fail (13s)
r0 revoke-wire-format muninn-whysaid -> fail (17s)
r0 revoke-password-hashing muninn-latest2 -> fail (12s)
r0 revoke-tls-backend muninn-latest2 -> pass (12s)
r0 revoke-tls-backend muninn-whysaid -> pass (11s)
r0 revoke-internal-http muninn-whysaid -> pass (9s)
r0 revoke-tls-verification muninn-whysaid -> pass (9s)
r0 revoke-license muninn-latest2 -> fail (17s)
r0 revoke-compression muninn-latest2 -> fail (13s)
r0 revoke-license muninn-whysaid -> pass (21s)
r0 revoke-version-scheme muninn-latest2 -> fail (13s)
r0 revoke-tls-verification muninn-latest2 -> pass (8s)
r0 revoke-cache-eviction muninn-whysaid -> pass (10s)
r0 revoke-internal-http muninn-latest2 -> pass (10s)
r0 revoke-async-runtime muninn-whysaid -> fail (16s)
r0 revoke-version-scheme muninn-whysaid -> pass (14s)
r0 revoke-wire-format muninn-latest2 -> fail (11s)
r0 revoke-cache-eviction muninn-latest2 -> pass (10s)
r1 revoke-license muninn-latest2 -> fail (13s)
r1 revoke-version-scheme muninn-latest2 -> fail (12s)
r0 revoke-async-runtime muninn-latest2 -> fail (16s)
r1 revoke-cache-eviction muninn-whysaid -> pass (10s)
r1 revoke-tls-verification muninn-whysaid -> pass (14s)
r1 revoke-wire-format muninn-whysaid -> fail (14s)
r1 revoke-wire-format muninn-latest2 -> fail (11s)
r1 revoke-compression muninn-latest2 -> fail (10s)
r1 revoke-tls-backend muninn-whysaid -> pass (11s)
r1 revoke-tls-verification muninn-latest2 -> pass (11s)
r1 revoke-cache-eviction muninn-latest2 -> pass (11s)
r1 revoke-password-hashing muninn-latest2 -> fail (16s)
r1 revoke-tls-backend muninn-latest2 -> pass (11s)
r1 revoke-async-runtime muninn-latest2 -> pass (11s)
r1 revoke-license muninn-whysaid -> fail (14s)
r1 revoke-async-runtime muninn-whysaid -> pass (12s)
r1 revoke-internal-http muninn-whysaid -> pass (8s)
r1 revoke-password-hashing muninn-whysaid -> fail (16s)
r1 revoke-internal-http muninn-latest2 -> pass (10s)
r1 revoke-version-scheme muninn-whysaid -> pass (17s)
r2 revoke-wire-format muninn-whysaid -> fail (11s)
r1 revoke-compression muninn-whysaid -> fail (25s)
r2 revoke-compression muninn-latest2 -> fail (12s)
r2 revoke-cache-eviction muninn-whysaid -> pass (12s)
r2 revoke-password-hashing muninn-latest2 -> pass (8s)
r2 revoke-license muninn-latest2 -> fail (12s)
r2 revoke-wire-format muninn-latest2 -> fail (14s)
r2 revoke-tls-backend muninn-whysaid -> pass (10s)
r2 revoke-password-hashing muninn-whysaid -> pass (11s)
r2 revoke-compression muninn-whysaid -> fail (11s)
r2 revoke-version-scheme muninn-whysaid -> fail (18s)
r2 revoke-version-scheme muninn-latest2 -> fail (12s)
r2 revoke-license muninn-whysaid -> fail (17s)
r2 revoke-internal-http muninn-whysaid -> pass (7s)
r2 revoke-tls-verification muninn-latest2 -> pass (12s)
r2 revoke-internal-http muninn-latest2 -> pass (11s)
r2 revoke-tls-verification muninn-whysaid -> pass (13s)
r2 revoke-tls-backend muninn-latest2 -> pass (10s)
r2 revoke-async-runtime muninn-whysaid -> pass (16s)
r2 revoke-cache-eviction muninn-latest2 -> pass (10s)
r2 revoke-async-runtime muninn-latest2 -> fail (21s)
r3 revoke-tls-verification muninn-whysaid -> pass (17s)
r3 revoke-version-scheme muninn-latest2 -> fail (19s)
r3 revoke-cache-eviction muninn-latest2 -> pass (10s)
r3 revoke-license muninn-latest2 -> pass (18s)
r3 revoke-async-runtime muninn-latest2 -> fail (17s)
r3 revoke-internal-http muninn-latest2 -> pass (11s)
r3 revoke-tls-verification muninn-latest2 -> pass (13s)
r3 revoke-license muninn-whysaid -> fail (12s)
r3 revoke-compression muninn-latest2 -> fail (10s)
r3 revoke-wire-format muninn-latest2 -> fail (23s)
r3 revoke-async-runtime muninn-whysaid -> pass (16s)
r3 revoke-version-scheme muninn-whysaid -> pass (17s)
r3 revoke-wire-format muninn-whysaid -> fail (10s)
r3 revoke-compression muninn-whysaid -> fail (16s)
r3 revoke-cache-eviction muninn-whysaid -> pass (10s)
r3 revoke-password-hashing muninn-latest2 -> fail (13s)
r3 revoke-tls-backend muninn-latest2 -> pass (11s)
r3 revoke-internal-http muninn-whysaid -> pass (11s)
r4 revoke-tls-backend muninn-whysaid -> pass (11s)
r3 revoke-tls-backend muninn-whysaid -> pass (12s)
r3 revoke-password-hashing muninn-whysaid -> pass (19s)
r4 revoke-cache-eviction muninn-whysaid -> pass (10s)
r4 revoke-internal-http muninn-whysaid -> pass (8s)
r4 revoke-cache-eviction muninn-latest2 -> pass (9s)
r4 revoke-password-hashing muninn-latest2 -> fail (22s)
r4 revoke-tls-verification muninn-whysaid -> pass (13s)
r4 revoke-wire-format muninn-latest2 -> fail (10s)
r4 revoke-wire-format muninn-whysaid -> fail (13s)
r4 revoke-compression muninn-latest2 -> fail (20s)
r4 revoke-compression muninn-whysaid -> fail (14s)
r4 revoke-tls-backend muninn-latest2 -> pass (11s)
r4 revoke-license muninn-latest2 -> fail (16s)
r4 revoke-password-hashing muninn-whysaid -> pass (18s)
r4 revoke-async-runtime muninn-whysaid -> pass (15s)
r4 revoke-version-scheme muninn-latest2 -> fail (14s)
r4 revoke-license muninn-whysaid -> fail (17s)
r4 revoke-async-runtime muninn-latest2 -> pass (16s)
r4 revoke-version-scheme muninn-whysaid -> pass (34s)
r4 revoke-internal-http muninn-latest2 -> pass (8s)
r4 revoke-tls-verification muninn-latest2 -> pass (10s)
r5 revoke-license muninn-latest2 -> fail (12s)
r5 revoke-internal-http muninn-whysaid -> pass (11s)
r5 revoke-version-scheme muninn-whysaid -> fail (19s)
r5 revoke-tls-backend muninn-latest2 -> pass (11s)
r5 revoke-cache-eviction muninn-latest2 -> pass (9s)
r5 revoke-internal-http muninn-latest2 -> pass (11s)
r5 revoke-tls-verification muninn-whysaid -> pass (12s)
r5 revoke-tls-backend muninn-whysaid -> pass (10s)
r5 revoke-cache-eviction muninn-whysaid -> pass (9s)
r5 revoke-compression muninn-latest2 -> fail (11s)
r5 revoke-password-hashing muninn-latest2 -> pass (7s)
r5 revoke-version-scheme muninn-latest2 -> fail (20s)
r5 revoke-compression muninn-whysaid -> fail (11s)
r5 revoke-wire-format muninn-latest2 -> fail (11s)
r5 revoke-async-runtime muninn-latest2 -> fail (11s)
r5 revoke-tls-verification muninn-latest2 -> pass (11s)
r5 revoke-password-hashing muninn-whysaid -> pass (10s)
r5 revoke-wire-format muninn-whysaid -> fail (10s)
r5 revoke-async-runtime muninn-whysaid -> fail (15s)
r5 revoke-license muninn-whysaid -> fail (19s)
r6 revoke-cache-eviction muninn-whysaid -> pass (11s)
r6 revoke-version-scheme muninn-latest2 -> fail (12s)
r6 revoke-password-hashing muninn-whysaid -> pass (11s)
r6 revoke-cache-eviction muninn-latest2 -> pass (11s)
r6 revoke-password-hashing muninn-latest2 -> pass (19s)
r6 revoke-license muninn-latest2 -> fail (13s)
r6 revoke-license muninn-whysaid -> fail (11s)
r6 revoke-async-runtime muninn-whysaid -> pass (14s)
r6 revoke-wire-format muninn-latest2 -> fail (9s)
r6 revoke-tls-backend muninn-latest2 -> pass (9s)
r6 revoke-wire-format muninn-whysaid -> fail (12s)
r6 revoke-compression muninn-latest2 -> fail (10s)
r6 revoke-compression muninn-whysaid -> fail (10s)
r6 revoke-internal-http muninn-latest2 -> pass (11s)
r6 revoke-tls-backend muninn-whysaid -> pass (12s)
r6 revoke-version-scheme muninn-whysaid -> fail (13s)
r6 revoke-tls-verification muninn-whysaid -> pass (12s)
r6 revoke-tls-verification muninn-latest2 -> pass (12s)
r6 revoke-async-runtime muninn-latest2 -> fail (15s)
r6 revoke-internal-http muninn-whysaid -> pass (11s)
r7 revoke-cache-eviction muninn-whysaid -> pass (11s)
r7 revoke-internal-http muninn-latest2 -> pass (10s)
r7 revoke-version-scheme muninn-whysaid -> pass (15s)
r7 revoke-cache-eviction muninn-latest2 -> pass (8s)
r7 revoke-wire-format muninn-whysaid -> fail (11s)
r7 revoke-tls-backend muninn-whysaid -> pass (11s)
r7 revoke-tls-backend muninn-latest2 -> pass (12s)
r7 revoke-async-runtime muninn-whysaid -> pass (22s)
r7 revoke-password-hashing muninn-latest2 -> fail (12s)
r7 revoke-tls-verification muninn-whysaid -> pass (11s)
r7 revoke-internal-http muninn-whysaid -> pass (12s)
r7 revoke-license muninn-whysaid -> fail (13s)
r7 revoke-license muninn-latest2 -> pass (18s)
r7 revoke-tls-verification muninn-latest2 -> pass (10s)
r7 revoke-compression muninn-latest2 -> fail (13s)
r7 revoke-async-runtime muninn-latest2 -> fail (21s)
r7 revoke-compression muninn-whysaid -> pass (17s)
r7 revoke-version-scheme muninn-latest2 -> fail (13s)
r7 revoke-wire-format muninn-latest2 -> fail (10s)
r8 revoke-tls-verification muninn-whysaid -> pass (11s)
r7 revoke-password-hashing muninn-whysaid -> pass (17s)
r8 revoke-compression muninn-latest2 -> fail (12s)
r8 revoke-wire-format muninn-whysaid -> fail (13s)
r8 revoke-password-hashing muninn-whysaid -> pass (13s)
r8 revoke-tls-backend muninn-latest2 -> pass (11s)
r8 revoke-password-hashing muninn-latest2 -> pass (21s)
r8 revoke-wire-format muninn-latest2 -> fail (11s)
r8 revoke-internal-http muninn-latest2 -> pass (11s)
r8 revoke-async-runtime muninn-latest2 -> fail (16s)
r8 revoke-tls-backend muninn-whysaid -> pass (12s)
r8 revoke-compression muninn-whysaid -> fail (10s)
r8 revoke-version-scheme muninn-latest2 -> fail (16s)
r8 revoke-tls-verification muninn-latest2 -> pass (12s)
r8 revoke-cache-eviction muninn-latest2 -> pass (8s)
r8 revoke-license muninn-whysaid -> fail (18s)
r8 revoke-async-runtime muninn-whysaid -> pass (20s)
r8 revoke-internal-http muninn-whysaid -> pass (12s)
r8 revoke-version-scheme muninn-whysaid -> pass (19s)
r8 revoke-cache-eviction muninn-whysaid -> pass (11s)
r9 revoke-cache-eviction muninn-latest2 -> pass (11s)
r8 revoke-license muninn-latest2 -> fail (14s)
r9 revoke-wire-format muninn-whysaid -> fail (12s)
r9 revoke-async-runtime muninn-latest2 -> pass (11s)
r9 revoke-password-hashing muninn-whysaid -> pass (10s)
r9 revoke-async-runtime muninn-whysaid -> pass (9s)
r9 revoke-tls-backend muninn-latest2 -> pass (12s)
r9 revoke-license muninn-whysaid -> fail (16s)
r9 revoke-tls-verification muninn-latest2 -> pass (11s)
r9 revoke-compression muninn-latest2 -> fail (17s)
r9 revoke-tls-backend muninn-whysaid -> pass (12s)
r9 revoke-compression muninn-whysaid -> fail (24s)
r9 revoke-license muninn-latest2 -> fail (18s)
r9 revoke-wire-format muninn-latest2 -> fail (9s)
r9 revoke-version-scheme muninn-whysaid -> fail (20s)
r9 revoke-password-hashing muninn-latest2 -> pass (11s)
r9 revoke-version-scheme muninn-latest2 -> fail (17s)
r9 revoke-tls-verification muninn-whysaid -> pass (12s)
r9 revoke-internal-http muninn-whysaid -> pass (10s)
r9 revoke-internal-http muninn-latest2 -> pass (11s)
r9 revoke-cache-eviction muninn-whysaid -> pass (11s)
r10 revoke-compression muninn-latest2 -> fail (12s)
r10 revoke-password-hashing muninn-whysaid -> pass (19s)
r10 revoke-compression muninn-whysaid -> pass (16s)
r10 revoke-tls-backend muninn-latest2 -> pass (11s)
r10 revoke-tls-verification muninn-latest2 -> pass (12s)
r10 revoke-wire-format muninn-whysaid -> fail (13s)
r10 revoke-cache-eviction muninn-whysaid -> pass (10s)
r10 revoke-async-runtime muninn-latest2 -> pass (17s)
r10 revoke-tls-verification muninn-whysaid -> pass (10s)
r10 revoke-version-scheme muninn-whysaid -> fail (13s)
r10 revoke-internal-http muninn-latest2 -> pass (9s)
r10 revoke-cache-eviction muninn-latest2 -> pass (10s)
r10 revoke-license muninn-latest2 -> fail (15s)
r10 revoke-tls-backend muninn-whysaid -> pass (11s)
r10 revoke-async-runtime muninn-whysaid -> pass (13s)
r10 revoke-license muninn-whysaid -> fail (18s)
r10 revoke-wire-format muninn-latest2 -> fail (11s)
r10 revoke-internal-http muninn-whysaid -> pass (10s)
r10 revoke-password-hashing muninn-latest2 -> fail (13s)
r11 revoke-internal-http muninn-latest2 -> pass (9s)
r11 revoke-tls-backend muninn-latest2 -> pass (11s)
r10 revoke-version-scheme muninn-latest2 -> pass (15s)
r11 revoke-password-hashing muninn-whysaid -> pass (12s)
r11 revoke-license muninn-whysaid -> pass (11s)
r11 revoke-tls-verification muninn-latest2 -> pass (11s)
r11 revoke-password-hashing muninn-latest2 -> pass (10s)
r11 revoke-license muninn-latest2 -> pass (9s)
r11 revoke-cache-eviction muninn-latest2 -> pass (11s)
r11 revoke-cache-eviction muninn-whysaid -> pass (10s)
r11 revoke-wire-format muninn-latest2 -> fail (11s)
r11 revoke-version-scheme muninn-latest2 -> pass (9s)
r11 revoke-version-scheme muninn-whysaid -> pass (10s)
r11 revoke-compression muninn-latest2 -> fail (12s)
r11 revoke-wire-format muninn-whysaid -> fail (18s)
r11 revoke-internal-http muninn-whysaid -> pass (8s)
r11 revoke-tls-verification muninn-whysaid -> pass (11s)
r11 revoke-async-runtime muninn-whysaid -> pass (10s)
r11 revoke-async-runtime muninn-latest2 -> pass (10s)
r11 revoke-compression muninn-whysaid -> pass (16s)
r11 revoke-tls-backend muninn-whysaid -> pass (12s)
all cells finished
