seeded r0 muninn-terse -> /tmp/muninn-h2h/h2h-v7-code/snap-r0-muninn-terse
seeded r1 muninn-terse -> /tmp/muninn-h2h/h2h-v7-code/snap-r1-muninn-terse
seeded r2 muninn-terse -> /tmp/muninn-h2h/h2h-v7-code/snap-r2-muninn-terse
seeded r3 muninn-terse -> /tmp/muninn-h2h/h2h-v7-code/snap-r3-muninn-terse
seeded r4 muninn-terse -> /tmp/muninn-h2h/h2h-v7-code/snap-r4-muninn-terse
seeded r5 muninn-terse -> /tmp/muninn-h2h/h2h-v7-code/snap-r5-muninn-terse
60 cells planned, 60 to run
r0 revoke-internal-http muninn-terse -> pass (38s)
r0 revoke-version-scheme muninn-terse -> pass (41s)
r0 revoke-password-hashing muninn-terse -> pass (49s)
r0 revoke-license muninn-terse -> pass (21s)
r0 revoke-compression muninn-terse -> fail (37s)
r0 revoke-tls-verification muninn-terse -> pass (63s)
r0 revoke-wire-format muninn-terse -> pass (36s)
r0 revoke-tls-backend muninn-terse -> pass (76s)
r0 revoke-cache-eviction muninn-terse -> fail (31s)
r0 revoke-async-runtime muninn-terse -> fail (39s)
r1 revoke-license muninn-terse -> pass (18s)
r1 revoke-async-runtime muninn-terse -> pass (47s)
r1 revoke-wire-format muninn-terse -> pass (53s)
r1 revoke-cache-eviction muninn-terse -> pass (34s)
r1 revoke-password-hashing muninn-terse -> pass (45s)
r1 revoke-internal-http muninn-terse -> pass (14s)
r1 revoke-tls-backend muninn-terse -> fail (85s)
r1 revoke-tls-verification muninn-terse -> pass (59s)
r1 revoke-compression muninn-terse -> fail (29s)
r1 revoke-version-scheme muninn-terse -> pass (68s)
r2 revoke-compression muninn-terse -> fail (37s)
r2 revoke-wire-format muninn-terse -> pass (31s)
r2 revoke-license muninn-terse -> pass (20s)
r2 revoke-internal-http muninn-terse -> pass (10s)
r2 revoke-password-hashing muninn-terse -> fail (33s)
r2 revoke-tls-backend muninn-terse -> pass (54s)
r2 revoke-async-runtime muninn-terse -> pass (14s)
r2 revoke-cache-eviction muninn-terse -> fail (34s)
r2 revoke-version-scheme muninn-terse -> fail (62s)
r2 revoke-tls-verification muninn-terse -> pass (62s)
r3 revoke-license muninn-terse -> pass (24s)
r3 revoke-compression muninn-terse -> pass (27s)
r3 revoke-async-runtime muninn-terse -> pass (26s)
r3 revoke-tls-verification muninn-terse -> pass (61s)
r3 revoke-cache-eviction muninn-terse -> pass (29s)
r3 revoke-version-scheme muninn-terse -> fail (75s)
r3 revoke-internal-http muninn-terse -> pass (21s)
r3 revoke-wire-format muninn-terse -> fail (37s)
r3 revoke-password-hashing muninn-terse -> pass (57s)
r4 revoke-password-hashing muninn-terse -> fail (56s)
r4 revoke-cache-eviction muninn-terse -> pass (15s)
r4 revoke-wire-format muninn-terse -> pass (27s)
r4 revoke-compression muninn-terse -> fail (55s)
r3 revoke-tls-backend muninn-terse -> pass (118s)
r4 revoke-license muninn-terse -> pass (38s)
r4 revoke-tls-backend muninn-terse -> fail (29s)
r4 revoke-version-scheme muninn-terse -> pass (61s)
r4 revoke-internal-http muninn-terse -> pass (20s)
r4 revoke-async-runtime muninn-terse -> fail (49s)
r5 revoke-internal-http muninn-terse -> pass (10s)
r4 revoke-tls-verification muninn-terse -> pass (69s)
r5 revoke-tls-backend muninn-terse -> fail (61s)
r5 revoke-version-scheme muninn-terse -> fail (64s)
r5 revoke-compression muninn-terse -> pass (55s)
r5 revoke-password-hashing muninn-terse -> fail (50s)
r5 revoke-cache-eviction muninn-terse -> fail (61s)
r5 revoke-tls-verification muninn-terse -> pass (101s)
r5 revoke-async-runtime muninn-terse -> pass (52s)
r5 revoke-license muninn-terse -> pass (24s)
r5 revoke-wire-format muninn-terse -> pass (68s)
all cells finished
