seeded r0 muninn-final -> /tmp/muninn-h2h/h2h-v13-final/snap-r0-muninn-final
seeded r0 agentmemory -> /tmp/muninn-h2h/h2h-v13-final/snap-r0-agentmemory
seeded r1 muninn-final -> /tmp/muninn-h2h/h2h-v13-final/snap-r1-muninn-final
seeded r1 agentmemory -> /tmp/muninn-h2h/h2h-v13-final/snap-r1-agentmemory
seeded r2 muninn-final -> /tmp/muninn-h2h/h2h-v13-final/snap-r2-muninn-final
seeded r2 agentmemory -> /tmp/muninn-h2h/h2h-v13-final/snap-r2-agentmemory
seeded r3 muninn-final -> /tmp/muninn-h2h/h2h-v13-final/snap-r3-muninn-final
seeded r3 agentmemory -> /tmp/muninn-h2h/h2h-v13-final/snap-r3-agentmemory
seeded r4 muninn-final -> /tmp/muninn-h2h/h2h-v13-final/snap-r4-muninn-final
seeded r4 agentmemory -> /tmp/muninn-h2h/h2h-v13-final/snap-r4-agentmemory
seeded r5 muninn-final -> /tmp/muninn-h2h/h2h-v13-final/snap-r5-muninn-final
seeded r5 agentmemory -> /tmp/muninn-h2h/h2h-v13-final/snap-r5-agentmemory
120 cells planned, 120 to run
r0 revoke-wire-format agentmemory -> fail (30s)
r0 revoke-compression agentmemory -> fail (53s)
r0 revoke-tls-backend muninn-final -> pass (9s)
r0 revoke-password-hashing agentmemory -> fail (84s)
r0 revoke-password-hashing muninn-final -> pass (82s)
r0 revoke-license muninn-final -> pass (7s)
r0 revoke-tls-backend agentmemory -> fail (62s)
r0 revoke-internal-http agentmemory -> fail (62s)
r0 revoke-tls-verification agentmemory -> pass (58s)
r0 revoke-compression muninn-final -> fail (41s)
r0 revoke-version-scheme muninn-final -> pass (27s)
r0 revoke-license agentmemory -> fail (99s)
r0 revoke-cache-eviction agentmemory -> fail (42s)
r0 revoke-internal-http muninn-final -> pass (9s)
r0 revoke-tls-verification muninn-final -> pass (78s)
r0 revoke-async-runtime agentmemory -> fail (45s)
r0 revoke-cache-eviction muninn-final -> pass (18s)
r0 revoke-wire-format muninn-final -> pass (29s)
r1 revoke-license muninn-final -> pass (8s)
r0 revoke-version-scheme agentmemory -> fail (61s)
r0 revoke-async-runtime muninn-final -> pass (54s)
r1 revoke-tls-verification agentmemory -> pass (30s)
r1 revoke-version-scheme muninn-final -> pass (56s)
r1 revoke-wire-format muninn-final -> pass (13s)
r1 revoke-wire-format agentmemory -> fail (47s)
r1 revoke-compression muninn-final -> pass (24s)
r1 revoke-password-hashing muninn-final -> pass (12s)
r1 revoke-cache-eviction agentmemory -> fail (80s)
r1 revoke-cache-eviction muninn-final -> pass (12s)
r1 revoke-tls-backend muninn-final -> pass (8s)
r1 revoke-tls-backend agentmemory -> fail (69s)
r1 revoke-tls-verification muninn-final -> pass (65s)
r1 revoke-license agentmemory -> fail (37s)
r1 revoke-async-runtime muninn-final -> pass (48s)
r1 revoke-async-runtime agentmemory -> fail (42s)
r1 revoke-internal-http muninn-final -> pass (11s)
r1 revoke-password-hashing agentmemory -> fail (68s)
r1 revoke-internal-http agentmemory -> fail (101s)
r1 revoke-version-scheme agentmemory -> fail (102s)
r1 revoke-compression agentmemory -> fail (97s)
r2 revoke-wire-format agentmemory -> fail (92s)
r2 revoke-compression muninn-final -> pass (52s)
r2 revoke-cache-eviction agentmemory -> fail (89s)
r2 revoke-wire-format muninn-final -> pass (38s)
r2 revoke-license muninn-final -> pass (16s)
r2 revoke-password-hashing muninn-final -> pass (40s)
r2 revoke-tls-backend agentmemory -> fail (27s)
r2 revoke-password-hashing agentmemory -> fail (58s)
r2 revoke-compression agentmemory -> fail (61s)
r2 revoke-version-scheme muninn-final -> pass (21s)
r2 revoke-version-scheme agentmemory -> fail (88s)
r2 revoke-license agentmemory -> fail (77s)
r2 revoke-internal-http muninn-final -> pass (23s)
r2 revoke-internal-http agentmemory -> fail (55s)
r2 revoke-tls-backend muninn-final -> pass (6s)
r2 revoke-tls-verification muninn-final -> pass (77s)
r2 revoke-tls-verification agentmemory -> pass (29s)
r2 revoke-async-runtime muninn-final -> pass (22s)
r2 revoke-cache-eviction muninn-final -> pass (28s)
r2 revoke-async-runtime agentmemory -> pass (67s)
r3 revoke-license muninn-final -> pass (8s)
r3 revoke-version-scheme muninn-final -> fail (39s)
r3 revoke-tls-verification agentmemory -> pass (84s)
r3 revoke-async-runtime muninn-final -> pass (36s)
r3 revoke-cache-eviction muninn-final -> pass (56s)
r3 revoke-internal-http muninn-final -> pass (22s)
r3 revoke-wire-format muninn-final -> pass (16s)
r3 revoke-license agentmemory -> fail (29s)
r3 revoke-tls-verification muninn-final -> pass (52s)
r3 revoke-compression muninn-final -> pass (26s)
r3 revoke-async-runtime agentmemory -> fail (25s)
r3 revoke-version-scheme agentmemory -> fail (62s)
r3 revoke-compression agentmemory -> fail (89s)
r3 revoke-password-hashing muninn-final -> fail (24s)
r3 revoke-wire-format agentmemory -> fail (108s)
r3 revoke-cache-eviction agentmemory -> fail (98s)
r3 revoke-tls-backend muninn-final -> pass (53s)
r3 revoke-internal-http agentmemory -> fail (68s)
r3 revoke-password-hashing agentmemory -> fail (70s)
r4 revoke-password-hashing muninn-final -> pass (19s)
r3 revoke-tls-backend agentmemory -> fail (108s)
r4 revoke-tls-backend agentmemory -> fail (107s)
r4 revoke-cache-eviction muninn-final -> pass (8s)
r4 revoke-cache-eviction agentmemory -> fail (104s)
r4 revoke-wire-format muninn-final -> pass (11s)
r4 revoke-internal-http agentmemory -> fail (107s)
r4 revoke-compression muninn-final -> pass (41s)
r4 revoke-tls-verification agentmemory -> pass (110s)
r4 revoke-wire-format agentmemory -> fail (64s)
r4 revoke-license muninn-final -> pass (10s)
r4 revoke-compression agentmemory -> fail (73s)
r4 revoke-tls-backend muninn-final -> pass (26s)
r4 revoke-password-hashing agentmemory -> fail (90s)
r4 revoke-version-scheme muninn-final -> pass (35s)
r4 revoke-async-runtime agentmemory -> fail (75s)
r4 revoke-version-scheme agentmemory -> fail (91s)
r4 revoke-async-runtime muninn-final -> fail (48s)
r4 revoke-internal-http muninn-final -> pass (22s)
r4 revoke-tls-verification muninn-final -> pass (40s)
r5 revoke-license muninn-final -> pass (15s)
r4 revoke-license agentmemory -> fail (123s)
r5 revoke-tls-backend muninn-final -> pass (32s)
r5 revoke-version-scheme agentmemory -> fail (53s)
r5 revoke-cache-eviction muninn-final -> pass (29s)
r5 revoke-internal-http muninn-final -> pass (13s)
r5 revoke-internal-http agentmemory -> fail (83s)
r5 revoke-tls-verification agentmemory -> pass (41s)
r5 revoke-tls-backend agentmemory -> fail (62s)
r5 revoke-cache-eviction agentmemory -> fail (73s)
r5 revoke-compression muninn-final -> fail (53s)
r5 revoke-compression agentmemory -> fail (30s)
r5 revoke-version-scheme muninn-final -> pass (64s)
r5 revoke-wire-format muninn-final -> pass (13s)
