seeded r0 muninn-judge -> /tmp/muninn-h2h/h2h-v42-v8es/snap-r0-muninn-judge
seeded r1 muninn-judge -> /tmp/muninn-h2h/h2h-v42-v8es/snap-r1-muninn-judge
seeded r2 muninn-judge -> /tmp/muninn-h2h/h2h-v42-v8es/snap-r2-muninn-judge
seeded r3 muninn-judge -> /tmp/muninn-h2h/h2h-v42-v8es/snap-r3-muninn-judge
seeded r4 muninn-judge -> /tmp/muninn-h2h/h2h-v42-v8es/snap-r4-muninn-judge
seeded r5 muninn-judge -> /tmp/muninn-h2h/h2h-v42-v8es/snap-r5-muninn-judge
shared r0 muninn-judge -> muninn-listed
shared r1 muninn-judge -> muninn-listed
shared r2 muninn-judge -> muninn-listed
shared r3 muninn-judge -> muninn-listed
shared r4 muninn-judge -> muninn-listed
shared r5 muninn-judge -> muninn-listed
seeded r0 muninn-judge -> /tmp/muninn-h2h/h2h-v42-v8es/snap-r0-muninn-judge
seeded r1 muninn-judge -> /tmp/muninn-h2h/h2h-v42-v8es/snap-r1-muninn-judge
seeded r2 muninn-judge -> /tmp/muninn-h2h/h2h-v42-v8es/snap-r2-muninn-judge
seeded r3 muninn-judge -> /tmp/muninn-h2h/h2h-v42-v8es/snap-r3-muninn-judge
seeded r4 muninn-judge -> /tmp/muninn-h2h/h2h-v42-v8es/snap-r4-muninn-judge
seeded r5 muninn-judge -> /tmp/muninn-h2h/h2h-v42-v8es/snap-r5-muninn-judge
shared r0 muninn-judge -> muninn-listed
shared r1 muninn-judge -> muninn-listed
shared r2 muninn-judge -> muninn-listed
shared r3 muninn-judge -> muninn-listed
shared r4 muninn-judge -> muninn-listed
shared r5 muninn-judge -> muninn-listed
120 cells planned, 120 to run
r0 revoke-compression muninn-listed -> pass (6s)
r0 revoke-wire-format muninn-listed -> pass (8s)
r0 revoke-password-hashing muninn-listed -> pass (9s)
r0 revoke-password-hashing muninn-judge -> pass (11s)
r0 revoke-tls-backend muninn-listed -> pass (10s)
r0 revoke-tls-backend muninn-judge -> pass (11s)
r0 revoke-internal-http muninn-listed -> pass (11s)
r0 revoke-tls-verification muninn-listed -> pass (11s)
r0 revoke-license muninn-judge -> pass (12s)
r0 revoke-license muninn-listed -> pass (10s)
r0 revoke-compression muninn-judge -> pass (13s)
r0 revoke-tls-verification muninn-judge -> pass (12s)
r0 revoke-version-scheme muninn-judge -> fail (23s)
r0 revoke-cache-eviction muninn-listed -> pass (12s)
r0 revoke-async-runtime muninn-listed -> pass (9s)
r0 revoke-internal-http muninn-judge -> pass (12s)
r0 revoke-version-scheme muninn-listed -> fail (14s)
r0 revoke-wire-format muninn-judge -> pass (15s)
r0 revoke-cache-eviction muninn-judge -> pass (16s)
r0 revoke-async-runtime muninn-judge -> pass (15s)
r1 revoke-license muninn-judge -> pass (11s)
r1 revoke-tls-verification muninn-listed -> pass (7s)
r1 revoke-wire-format muninn-listed -> pass (10s)
r1 revoke-cache-eviction muninn-listed -> pass (9s)
r1 revoke-wire-format muninn-judge -> pass (12s)
r1 revoke-compression muninn-judge -> pass (14s)
r1 revoke-tls-backend muninn-listed -> pass (13s)
r1 revoke-version-scheme muninn-judge -> fail (42s)
r1 revoke-password-hashing muninn-judge -> pass (13s)
r1 revoke-tls-verification muninn-judge -> pass (11s)
r1 revoke-cache-eviction muninn-judge -> pass (13s)
r1 revoke-tls-backend muninn-judge -> pass (14s)
r1 revoke-async-runtime muninn-judge -> pass (12s)
r1 revoke-license muninn-listed -> pass (10s)
r1 revoke-async-runtime muninn-listed -> pass (9s)
r1 revoke-password-hashing muninn-listed -> pass (11s)
r1 revoke-internal-http muninn-listed -> pass (9s)
r1 revoke-internal-http muninn-judge -> pass (12s)
r1 revoke-compression muninn-listed -> pass (10s)
r2 revoke-wire-format muninn-listed -> pass (9s)
r1 revoke-version-scheme muninn-listed -> fail (20s)
r2 revoke-cache-eviction muninn-listed -> pass (12s)
r2 revoke-compression muninn-judge -> pass (13s)
r2 revoke-wire-format muninn-judge -> pass (13s)
r2 revoke-password-hashing muninn-judge -> pass (15s)
r2 revoke-license muninn-judge -> pass (13s)
r2 revoke-tls-backend muninn-listed -> pass (12s)
r2 revoke-password-hashing muninn-listed -> pass (10s)
r2 revoke-compression muninn-listed -> pass (8s)
r2 revoke-license muninn-listed -> pass (7s)
r2 revoke-version-scheme muninn-listed -> fail (17s)
r2 revoke-tls-verification muninn-judge -> pass (13s)
r2 revoke-internal-http muninn-listed -> pass (10s)
r2 revoke-version-scheme muninn-judge -> fail (20s)
r2 revoke-tls-verification muninn-listed -> pass (11s)
r2 revoke-internal-http muninn-judge -> pass (14s)
r2 revoke-tls-backend muninn-judge -> pass (13s)
r2 revoke-async-runtime muninn-listed -> pass (10s)
r2 revoke-async-runtime muninn-judge -> pass (14s)
r2 revoke-cache-eviction muninn-judge -> pass (14s)
r3 revoke-tls-verification muninn-listed -> pass (10s)
r3 revoke-license muninn-judge -> pass (10s)
r3 revoke-cache-eviction muninn-judge -> pass (15s)
r3 revoke-async-runtime muninn-judge -> pass (14s)
r3 revoke-version-scheme muninn-judge -> fail (29s)
r3 revoke-internal-http muninn-judge -> pass (14s)
r3 revoke-tls-verification muninn-judge -> pass (10s)
r3 revoke-license muninn-listed -> pass (9s)
r3 revoke-compression muninn-judge -> pass (10s)
r3 revoke-async-runtime muninn-listed -> pass (11s)
r3 revoke-wire-format muninn-judge -> pass (17s)
r3 revoke-compression muninn-listed -> pass (10s)
r3 revoke-wire-format muninn-listed -> pass (13s)
r3 revoke-version-scheme muninn-listed -> fail (18s)
r3 revoke-cache-eviction muninn-listed -> pass (8s)
r3 revoke-password-hashing muninn-judge -> pass (13s)
r3 revoke-internal-http muninn-listed -> pass (12s)
r3 revoke-tls-backend muninn-judge -> pass (17s)
r3 revoke-password-hashing muninn-listed -> pass (7s)
r3 revoke-tls-backend muninn-listed -> pass (9s)
r4 revoke-tls-backend muninn-listed -> pass (9s)
r4 revoke-cache-eviction muninn-listed -> pass (8s)
r4 revoke-password-hashing muninn-judge -> fail (15s)
r4 revoke-internal-http muninn-listed -> pass (12s)
r4 revoke-tls-verification muninn-listed -> pass (10s)
r4 revoke-cache-eviction muninn-judge -> pass (17s)
r4 revoke-wire-format muninn-judge -> pass (16s)
r4 revoke-wire-format muninn-listed -> pass (10s)
r4 revoke-compression muninn-listed -> pass (6s)
r4 revoke-compression muninn-judge -> pass (18s)
r4 revoke-password-hashing muninn-listed -> pass (9s)
r4 revoke-async-runtime muninn-listed -> pass (8s)
r4 revoke-license muninn-judge -> pass (16s)
r4 revoke-tls-backend muninn-judge -> pass (14s)
r4 revoke-license muninn-listed -> pass (6s)
r4 revoke-version-scheme muninn-listed -> fail (18s)
r4 revoke-async-runtime muninn-judge -> pass (14s)
r4 revoke-version-scheme muninn-judge -> fail (24s)
r4 revoke-tls-verification muninn-judge -> pass (11s)
r4 revoke-internal-http muninn-judge -> pass (13s)
r5 revoke-license muninn-judge -> pass (12s)
r5 revoke-internal-http muninn-listed -> pass (10s)
r5 revoke-version-scheme muninn-listed -> fail (17s)
r5 revoke-tls-backend muninn-judge -> pass (12s)
r5 revoke-tls-verification muninn-listed -> pass (11s)
r5 revoke-internal-http muninn-judge -> pass (12s)
r5 revoke-cache-eviction muninn-judge -> pass (14s)
r5 revoke-tls-backend muninn-listed -> pass (11s)
r5 revoke-cache-eviction muninn-listed -> pass (11s)
r5 revoke-compression muninn-judge -> pass (14s)
r5 revoke-password-hashing muninn-judge -> fail (12s)
r5 revoke-compression muninn-listed -> pass (8s)
r5 revoke-version-scheme muninn-judge -> fail (21s)
r5 revoke-tls-verification muninn-judge -> pass (13s)
r5 revoke-wire-format muninn-judge -> pass (15s)
r5 revoke-async-runtime muninn-judge -> pass (11s)
r5 revoke-password-hashing muninn-listed -> pass (8s)
r5 revoke-async-runtime muninn-listed -> pass (9s)
r5 revoke-license muninn-listed -> pass (8s)
r5 revoke-wire-format muninn-listed -> pass (9s)
all cells finished
