seeded r0 muninn-cited -> /tmp/muninn-h2h/h2h-v7-code/snap-r0-muninn-cited
seeded r1 muninn-cited -> /tmp/muninn-h2h/h2h-v7-code/snap-r1-muninn-cited
seeded r2 muninn-cited -> /tmp/muninn-h2h/h2h-v7-code/snap-r2-muninn-cited
seeded r3 muninn-cited -> /tmp/muninn-h2h/h2h-v7-code/snap-r3-muninn-cited
seeded r4 muninn-cited -> /tmp/muninn-h2h/h2h-v7-code/snap-r4-muninn-cited
seeded r5 muninn-cited -> /tmp/muninn-h2h/h2h-v7-code/snap-r5-muninn-cited
60 cells planned, 60 to run
r0 revoke-internal-http muninn-cited -> pass (27s)
r0 revoke-password-hashing muninn-cited -> fail (47s)
r0 revoke-license muninn-cited -> pass (38s)
r0 revoke-tls-verification muninn-cited -> pass (55s)
r0 revoke-compression muninn-cited -> fail (40s)
r0 revoke-tls-backend muninn-cited -> fail (36s)
r0 revoke-wire-format muninn-cited -> pass (49s)
r0 revoke-version-scheme muninn-cited -> pass (174s)
r1 revoke-async-runtime muninn-cited -> pass (14s)
r0 revoke-async-runtime muninn-cited -> pass (35s)
r0 revoke-cache-eviction muninn-cited -> pass (51s)
r1 revoke-wire-format muninn-cited -> pass (30s)
r1 revoke-tls-backend muninn-cited -> fail (48s)
r1 revoke-password-hashing muninn-cited -> pass (21s)
r1 revoke-internal-http muninn-cited -> pass (8s)
r1 revoke-license muninn-cited -> pass (59s)
r1 revoke-cache-eviction muninn-cited -> pass (27s)
r1 revoke-tls-verification muninn-cited -> pass (39s)
r1 revoke-version-scheme muninn-cited -> fail (40s)
r1 revoke-compression muninn-cited -> pass (24s)
r2 revoke-wire-format muninn-cited -> pass (15s)
r2 revoke-tls-backend muninn-cited -> pass (33s)
r2 revoke-compression muninn-cited -> fail (43s)
r2 revoke-internal-http muninn-cited -> pass (8s)
r2 revoke-license muninn-cited -> pass (54s)
r2 revoke-password-hashing muninn-cited -> pass (46s)
r2 revoke-tls-verification muninn-cited -> pass (14s)
r2 revoke-version-scheme muninn-cited -> pass (44s)
r2 revoke-cache-eviction muninn-cited -> pass (38s)
r2 revoke-async-runtime muninn-cited -> fail (57s)
r3 revoke-license muninn-cited -> pass (46s)
r3 revoke-version-scheme muninn-cited -> pass (31s)
r3 revoke-compression muninn-cited -> fail (51s)
r3 revoke-tls-verification muninn-cited -> pass (53s)
r3 revoke-async-runtime muninn-cited -> pass (31s)
r3 revoke-internal-http muninn-cited -> pass (11s)
r3 revoke-cache-eviction muninn-cited -> pass (46s)
r3 revoke-wire-format muninn-cited -> pass (77s)
r3 revoke-password-hashing muninn-cited -> pass (62s)
r4 revoke-password-hashing muninn-cited -> pass (16s)
r3 revoke-tls-backend muninn-cited -> pass (84s)
r4 revoke-cache-eviction muninn-cited -> pass (25s)
r4 revoke-license muninn-cited -> pass (24s)
r4 revoke-compression muninn-cited -> pass (58s)
r4 revoke-tls-backend muninn-cited -> pass (24s)
r4 revoke-wire-format muninn-cited -> pass (69s)
r4 revoke-version-scheme muninn-cited -> fail (41s)
r4 revoke-async-runtime muninn-cited -> pass (22s)
r5 revoke-internal-http muninn-cited -> pass (7s)
r4 revoke-internal-http muninn-cited -> pass (24s)
r5 revoke-tls-backend muninn-cited -> pass (29s)
r4 revoke-tls-verification muninn-cited -> pass (44s)
r5 revoke-compression muninn-cited -> pass (36s)
r5 revoke-version-scheme muninn-cited -> pass (62s)
r5 revoke-cache-eviction muninn-cited -> pass (31s)
r5 revoke-tls-verification muninn-cited -> pass (77s)
r5 revoke-password-hashing muninn-cited -> fail (70s)
r5 revoke-license muninn-cited -> pass (38s)
r5 revoke-async-runtime muninn-cited -> fail (54s)
r5 revoke-wire-format muninn-cited -> pass (33s)
all cells finished
