seeded r0 muninn-quiet2 -> /tmp/muninn-h2h/h2h-v36-v3/snap-r0-muninn-quiet2
seeded r1 muninn-quiet2 -> /tmp/muninn-h2h/h2h-v36-v3/snap-r1-muninn-quiet2
seeded r2 muninn-quiet2 -> /tmp/muninn-h2h/h2h-v36-v3/snap-r2-muninn-quiet2
seeded r3 muninn-quiet2 -> /tmp/muninn-h2h/h2h-v36-v3/snap-r3-muninn-quiet2
seeded r4 muninn-quiet2 -> /tmp/muninn-h2h/h2h-v36-v3/snap-r4-muninn-quiet2
seeded r5 muninn-quiet2 -> /tmp/muninn-h2h/h2h-v36-v3/snap-r5-muninn-quiet2
shared r0 muninn-quiet2 -> muninn-nothing
shared r0 muninn-quiet2 -> muninn-latest2
shared r1 muninn-quiet2 -> muninn-nothing
shared r1 muninn-quiet2 -> muninn-latest2
shared r2 muninn-quiet2 -> muninn-nothing
shared r2 muninn-quiet2 -> muninn-latest2
shared r3 muninn-quiet2 -> muninn-nothing
shared r3 muninn-quiet2 -> muninn-latest2
shared r4 muninn-quiet2 -> muninn-nothing
shared r4 muninn-quiet2 -> muninn-latest2
shared r5 muninn-quiet2 -> muninn-nothing
shared r5 muninn-quiet2 -> muninn-latest2
180 cells planned, 180 to run
r0 revoke-version-scheme muninn-nothing -> fail (10s)
r0 revoke-version-scheme muninn-quiet2 -> fail (11s)
r0 revoke-tls-backend muninn-latest2 -> pass (11s)
r0 revoke-cache-eviction muninn-nothing -> pass (8s)
r0 revoke-wire-format muninn-latest2 -> fail (10s)
r0 revoke-async-runtime muninn-latest2 -> pass (12s)
r0 revoke-tls-verification muninn-nothing -> pass (11s)
r0 revoke-license muninn-latest2 -> fail (11s)
r0 revoke-internal-http muninn-nothing -> pass (11s)
r0 revoke-tls-backend muninn-quiet2 -> pass (10s)
r0 revoke-tls-verification muninn-latest2 -> pass (8s)
r0 revoke-async-runtime muninn-quiet2 -> fail (11s)
r0 revoke-wire-format muninn-quiet2 -> fail (11s)
r0 revoke-compression muninn-nothing -> fail (11s)
r0 revoke-async-runtime muninn-nothing -> fail (12s)
r0 revoke-cache-eviction muninn-quiet2 -> pass (9s)
r0 revoke-version-scheme muninn-latest2 -> fail (12s)
r0 revoke-cache-eviction muninn-latest2 -> pass (9s)
r0 revoke-compression muninn-quiet2 -> fail (13s)
r0 revoke-license muninn-quiet2 -> fail (11s)
r0 revoke-password-hashing muninn-nothing -> fail (13s)
r0 revoke-password-hashing muninn-quiet2 -> fail (12s)
r0 revoke-internal-http muninn-quiet2 -> pass (9s)
r0 revoke-internal-http muninn-latest2 -> pass (11s)
r0 revoke-wire-format muninn-nothing -> fail (10s)
r0 revoke-tls-verification muninn-quiet2 -> pass (9s)
r0 revoke-password-hashing muninn-latest2 -> pass (17s)
r0 revoke-tls-backend muninn-nothing -> pass (10s)
r0 revoke-compression muninn-latest2 -> fail (12s)
r0 revoke-license muninn-nothing -> fail (9s)
r1 revoke-cache-eviction muninn-nothing -> pass (10s)
r1 revoke-compression muninn-quiet2 -> fail (16s)
r1 revoke-async-runtime muninn-nothing -> fail (13s)
r1 revoke-version-scheme muninn-latest2 -> fail (14s)
r1 revoke-wire-format muninn-latest2 -> fail (10s)
r1 revoke-version-scheme muninn-nothing -> fail (13s)
r1 revoke-tls-backend muninn-quiet2 -> pass (11s)
r1 revoke-version-scheme muninn-quiet2 -> fail (14s)
r1 revoke-tls-backend muninn-nothing -> pass (12s)
r1 revoke-internal-http muninn-nothing -> pass (9s)
r1 revoke-password-hashing muninn-nothing -> fail (13s)
r1 revoke-tls-verification muninn-quiet2 -> pass (10s)
r1 revoke-compression muninn-latest2 -> fail (15s)
r1 revoke-password-hashing muninn-quiet2 -> fail (12s)
r1 revoke-internal-http muninn-quiet2 -> pass (8s)
r1 revoke-async-runtime muninn-latest2 -> pass (18s)
r1 revoke-async-runtime muninn-quiet2 -> fail (13s)
r1 revoke-cache-eviction muninn-quiet2 -> pass (8s)
r1 revoke-password-hashing muninn-latest2 -> fail (16s)
r1 revoke-license muninn-nothing -> fail (12s)
r1 revoke-wire-format muninn-quiet2 -> fail (11s)
r1 revoke-tls-backend muninn-latest2 -> pass (11s)
r1 revoke-cache-eviction muninn-latest2 -> pass (8s)
r1 revoke-internal-http muninn-latest2 -> pass (12s)
r1 revoke-tls-verification muninn-latest2 -> pass (11s)
r1 revoke-tls-verification muninn-nothing -> pass (11s)
r1 revoke-wire-format muninn-nothing -> fail (8s)
r1 revoke-compression muninn-nothing -> fail (7s)
r1 revoke-license muninn-latest2 -> fail (15s)
r1 revoke-license muninn-quiet2 -> fail (11s)
r2 revoke-tls-verification muninn-nothing -> pass (8s)
r2 revoke-cache-eviction muninn-quiet2 -> pass (11s)
r2 revoke-async-runtime muninn-quiet2 -> fail (14s)
r2 revoke-password-hashing muninn-latest2 -> fail (10s)
r2 revoke-cache-eviction muninn-latest2 -> pass (8s)
r2 revoke-tls-verification muninn-quiet2 -> pass (12s)
r2 revoke-wire-format muninn-latest2 -> fail (11s)
r2 revoke-version-scheme muninn-nothing -> fail (11s)
r2 revoke-tls-backend muninn-quiet2 -> pass (12s)
r2 revoke-async-runtime muninn-nothing -> fail (13s)
r2 revoke-compression muninn-nothing -> fail (8s)
r2 revoke-async-runtime muninn-latest2 -> fail (16s)
r2 revoke-password-hashing muninn-nothing -> fail (9s)
r2 revoke-compression muninn-quiet2 -> fail (12s)
r2 revoke-internal-http muninn-nothing -> pass (10s)
r2 revoke-version-scheme muninn-quiet2 -> fail (12s)
r2 revoke-internal-http muninn-quiet2 -> pass (9s)
r2 revoke-internal-http muninn-latest2 -> pass (11s)
r2 revoke-license muninn-nothing -> fail (6s)
r2 revoke-wire-format muninn-quiet2 -> fail (8s)
r2 revoke-wire-format muninn-nothing -> fail (9s)
r2 revoke-version-scheme muninn-latest2 -> pass (15s)
r2 revoke-cache-eviction muninn-nothing -> pass (11s)
r2 revoke-license muninn-quiet2 -> fail (11s)
r2 revoke-tls-verification muninn-latest2 -> pass (11s)
r2 revoke-tls-backend muninn-latest2 -> pass (12s)
r2 revoke-tls-backend muninn-nothing -> pass (11s)
r2 revoke-compression muninn-latest2 -> fail (10s)
r2 revoke-password-hashing muninn-quiet2 -> fail (26s)
r2 revoke-license muninn-latest2 -> fail (14s)
r3 revoke-async-runtime muninn-nothing -> fail (9s)
r3 revoke-async-runtime muninn-quiet2 -> fail (12s)
r3 revoke-tls-backend muninn-latest2 -> pass (12s)
r3 revoke-internal-http muninn-nothing -> pass (11s)
r3 revoke-tls-verification muninn-quiet2 -> pass (11s)
r3 revoke-async-runtime muninn-latest2 -> fail (14s)
r3 revoke-version-scheme muninn-nothing -> fail (8s)
r3 revoke-compression muninn-latest2 -> fail (12s)
r3 revoke-tls-verification muninn-nothing -> pass (11s)
r3 revoke-tls-backend muninn-nothing -> pass (11s)
r3 revoke-wire-format muninn-nothing -> fail (9s)
r3 revoke-tls-backend muninn-quiet2 -> pass (9s)
r3 revoke-internal-http muninn-latest2 -> pass (10s)
r3 revoke-wire-format muninn-quiet2 -> fail (11s)
r3 revoke-wire-format muninn-latest2 -> fail (12s)
r3 revoke-compression muninn-quiet2 -> fail (13s)
r3 revoke-password-hashing muninn-latest2 -> fail (16s)
r3 revoke-compression muninn-nothing -> fail (11s)
r3 revoke-cache-eviction muninn-quiet2 -> pass (9s)
r3 revoke-license muninn-nothing -> fail (9s)
r3 revoke-license muninn-latest2 -> fail (14s)
r3 revoke-cache-eviction muninn-nothing -> pass (10s)
r3 revoke-password-hashing muninn-quiet2 -> fail (13s)
r3 revoke-internal-http muninn-quiet2 -> pass (9s)
r3 revoke-version-scheme muninn-quiet2 -> fail (11s)
r3 revoke-cache-eviction muninn-latest2 -> pass (11s)
r3 revoke-version-scheme muninn-latest2 -> fail (10s)
r3 revoke-password-hashing muninn-nothing -> fail (11s)
r4 revoke-internal-http muninn-nothing -> pass (9s)
r3 revoke-tls-verification muninn-latest2 -> pass (12s)
r3 revoke-license muninn-quiet2 -> fail (14s)
r4 revoke-cache-eviction muninn-nothing -> pass (11s)
r4 revoke-compression muninn-quiet2 -> fail (13s)
r4 revoke-version-scheme muninn-latest2 -> fail (16s)
r4 revoke-tls-backend muninn-quiet2 -> pass (13s)
r4 revoke-wire-format muninn-latest2 -> fail (15s)
r4 revoke-license muninn-quiet2 -> fail (10s)
r4 revoke-password-hashing muninn-latest2 -> fail (11s)
r4 revoke-async-runtime muninn-latest2 -> fail (15s)
r4 revoke-password-hashing muninn-nothing -> fail (7s)
r4 revoke-license muninn-latest2 -> fail (16s)
r4 revoke-password-hashing muninn-quiet2 -> fail (11s)
r4 revoke-cache-eviction muninn-quiet2 -> pass (9s)
r4 revoke-tls-verification muninn-latest2 -> pass (11s)
r4 revoke-internal-http muninn-quiet2 -> pass (7s)
r4 revoke-cache-eviction muninn-latest2 -> pass (11s)
r4 revoke-compression muninn-nothing -> fail (9s)
r4 revoke-version-scheme muninn-nothing -> fail (9s)
r4 revoke-internal-http muninn-latest2 -> pass (9s)
r4 revoke-compression muninn-latest2 -> fail (10s)
r4 revoke-tls-backend muninn-latest2 -> pass (12s)
r4 revoke-tls-verification muninn-nothing -> pass (11s)
r4 revoke-wire-format muninn-quiet2 -> fail (13s)
r4 revoke-license muninn-nothing -> fail (9s)
r4 revoke-wire-format muninn-nothing -> fail (9s)
r4 revoke-tls-verification muninn-quiet2 -> pass (12s)
r4 revoke-async-runtime muninn-quiet2 -> fail (13s)
r4 revoke-async-runtime muninn-nothing -> fail (11s)
r4 revoke-tls-backend muninn-nothing -> pass (13s)
r4 revoke-version-scheme muninn-quiet2 -> fail (11s)
r5 revoke-license muninn-nothing -> fail (8s)
r5 revoke-internal-http muninn-quiet2 -> pass (10s)
r5 revoke-password-hashing muninn-quiet2 -> fail (13s)
r5 revoke-wire-format muninn-nothing -> fail (10s)
r5 revoke-tls-verification muninn-quiet2 -> pass (11s)
r5 revoke-license muninn-quiet2 -> fail (12s)
r5 revoke-compression muninn-nothing -> fail (9s)
r5 revoke-wire-format muninn-quiet2 -> fail (14s)
r5 revoke-wire-format muninn-latest2 -> fail (11s)
r5 revoke-cache-eviction muninn-nothing -> pass (11s)
r5 revoke-async-runtime muninn-nothing -> fail (12s)
r5 revoke-internal-http muninn-nothing -> pass (12s)
r5 revoke-password-hashing muninn-nothing -> fail (13s)
r5 revoke-cache-eviction muninn-quiet2 -> pass (10s)
r5 revoke-tls-verification muninn-nothing -> pass (10s)
r5 revoke-compression muninn-quiet2 -> fail (10s)
r5 revoke-version-scheme muninn-quiet2 -> fail (11s)
r5 revoke-compression muninn-latest2 -> fail (11s)
r5 revoke-password-hashing muninn-latest2 -> pass (15s)
r5 revoke-async-runtime muninn-latest2 -> fail (15s)
r5 revoke-tls-backend muninn-nothing -> pass (10s)
r5 revoke-license muninn-latest2 -> fail (15s)
r5 revoke-cache-eviction muninn-latest2 -> pass (10s)
r5 revoke-tls-backend muninn-latest2 -> pass (12s)
r5 revoke-async-runtime muninn-quiet2 -> fail (10s)
r5 revoke-version-scheme muninn-latest2 -> fail (14s)
r5 revoke-tls-verification muninn-latest2 -> pass (12s)
r5 revoke-version-scheme muninn-nothing -> fail (14s)
r5 revoke-tls-backend muninn-quiet2 -> pass (12s)
r5 revoke-internal-http muninn-latest2 -> pass (11s)
all cells finished
