seeded r0 muninn-now -> /tmp/muninn-h2h/h2h-v4-code/snap-r0-muninn-now
seeded r1 muninn-now -> /tmp/muninn-h2h/h2h-v4-code/snap-r1-muninn-now
seeded r2 muninn-now -> /tmp/muninn-h2h/h2h-v4-code/snap-r2-muninn-now
30 cells planned, 30 to run
r0 revoke-version-scheme muninn-now -> fail (67s)
r0 revoke-password-hashing muninn-now -> fail (22s)
r0 revoke-internal-http muninn-now -> fail (36s)
r0 revoke-license muninn-now -> fail (100s)
r0 revoke-tls-verification muninn-now -> pass (24s)
r0 revoke-compression muninn-now -> fail (23s)
r0 revoke-tls-backend muninn-now -> fail (25s)
r0 revoke-wire-format muninn-now -> fail (48s)
r0 revoke-cache-eviction muninn-now -> fail (67s)
r0 revoke-async-runtime muninn-now -> fail (39s)
r1 revoke-async-runtime muninn-now -> fail (53s)
r1 revoke-wire-format muninn-now -> fail (61s)
r1 revoke-license muninn-now -> fail (53s)
r1 revoke-tls-backend muninn-now -> fail (29s)
r1 revoke-password-hashing muninn-now -> fail (31s)
r1 revoke-cache-eviction muninn-now -> fail (44s)
r1 revoke-internal-http muninn-now -> pass (47s)
r1 revoke-tls-verification muninn-now -> pass (25s)
r1 revoke-version-scheme muninn-now -> fail (29s)
r1 revoke-compression muninn-now -> pass (54s)
r2 revoke-compression muninn-now -> fail (31s)
r2 revoke-wire-format muninn-now -> fail (72s)
r2 revoke-tls-backend muninn-now -> fail (56s)
r2 revoke-license muninn-now -> fail (65s)
r2 revoke-password-hashing muninn-now -> fail (35s)
r2 revoke-internal-http muninn-now -> pass (30s)
r2 revoke-version-scheme muninn-now -> fail (31s)
r2 revoke-tls-verification muninn-now -> pass (23s)
r2 revoke-async-runtime muninn-now -> fail (26s)
r2 revoke-cache-eviction muninn-now -> pass (42s)
all cells finished
